// Jest Snapshot v1, https://goo.gl/fbAQLP

exports[`details snapshot  final 1`] = `
<div>
  <div
    class="MuiBox-root css-199aiwf"
  >
    <form>
      <div
        class="MuiPaper-root MuiPaper-elevation MuiPaper-rounded MuiPaper-elevation1 css-t2xsae-MuiPaper-root"
      >
        <div
          class="MuiFormControl-root MuiTextField-root css-yfcmxe-MuiFormControl-root-MuiTextField-root"
        >
          <label
            class="MuiInputLabel-root MuiInputLabel-formControl MuiInputLabel-animated MuiInputLabel-standard MuiFormLabel-root MuiFormLabel-colorPrimary css-aqpgxn-MuiFormLabel-root-MuiInputLabel-root"
            data-shrink="false"
            for="mui-1"
            id="mui-1-label"
          >
            Name
          </label>
          <div
            class="MuiInput-root MuiInput-underline MuiInputBase-root MuiInputBase-colorPrimary MuiInputBase-formControl css-1480iag-MuiInputBase-root-MuiInput-root"
          >
            <input
              aria-invalid="false"
              class="MuiInput-input MuiInputBase-input css-1x51dt5-MuiInputBase-input-MuiInput-input"
              id="mui-1"
              name="name"
              placeholder="Enter Name"
              type="text"
              value=""
            />
          </div>
        </div>
        <div
          class="MuiFormControl-root css-1nrlq1o-MuiFormControl-root"
        >
          <label
            class="MuiFormLabel-root MuiFormLabel-colorPrimary css-u4tvz2-MuiFormLabel-root"
            id="demo-radio-buttons-group-label"
          >
            Gender
          </label>
          <div
            aria-labelledby="demo-radio-buttons-group-label"
            class="MuiFormGroup-root MuiFormGroup-row css-qfz70r-MuiFormGroup-root"
            role="radiogroup"
          >
            <label
              class="MuiFormControlLabel-root MuiFormControlLabel-labelPlacementEnd css-j204z7-MuiFormControlLabel-root"
            >
              <span
                class="MuiRadio-root MuiRadio-colorPrimary MuiButtonBase-root MuiRadio-root MuiRadio-colorPrimary PrivateSwitchBase-root css-vqmohf-MuiButtonBase-root-MuiRadio-root"
              >
                <input
                  class="PrivateSwitchBase-input css-1m9pwf3"
                  name="female"
                  type="radio"
                  value="female"
                />
                <span
                  class="css-hyxlzm"
                >
                  <svg
                    aria-hidden="true"
                    class="MuiSvgIcon-root MuiSvgIcon-fontSizeMedium css-1hbvpl3-MuiSvgIcon-root"
                    data-testid="RadioButtonUncheckedIcon"
                    focusable="false"
                    viewBox="0 0 24 24"
                  >
                    <path
                      d="M12 2C6.48 2 2 6.48 2 12s4.48 10 10 10 10-4.48 10-10S17.52 2 12 2zm0 18c-4.42 0-8-3.58-8-8s3.58-8 8-8 8 3.58 8 8-3.58 8-8 8z"
                    />
                  </svg>
                  <svg
                    aria-hidden="true"
                    class="MuiSvgIcon-root MuiSvgIcon-fontSizeMedium css-1hhw7if-MuiSvgIcon-root"
                    data-testid="RadioButtonCheckedIcon"
                    focusable="false"
                    viewBox="0 0 24 24"
                  >
                    <path
                      d="M8.465 8.465C9.37 7.56 10.62 7 12 7C14.76 7 17 9.24 17 12C17 13.38 16.44 14.63 15.535 15.535C14.63 16.44 13.38 17 12 17C9.24 17 7 14.76 7 12C7 10.62 7.56 9.37 8.465 8.465Z"
                    />
                  </svg>
                </span>
                <span
                  class="MuiTouchRipple-root css-8je8zh-MuiTouchRipple-root"
                />
              </span>
              <span
                class="MuiTypography-root MuiTypography-body1 MuiFormControlLabel-label css-ahj2mt-MuiTypography-root"
              >
                Female
              </span>
            </label>
            <label
              class="MuiFormControlLabel-root MuiFormControlLabel-labelPlacementEnd css-j204z7-MuiFormControlLabel-root"
            >
              <span
                class="MuiRadio-root MuiRadio-colorPrimary MuiButtonBase-root MuiRadio-root MuiRadio-colorPrimary PrivateSwitchBase-root css-vqmohf-MuiButtonBase-root-MuiRadio-root"
              >
                <input
                  class="PrivateSwitchBase-input css-1m9pwf3"
                  name="male"
                  type="radio"
                  value="male"
                />
                <span
                  class="css-hyxlzm"
                >
                  <svg
                    aria-hidden="true"
                    class="MuiSvgIcon-root MuiSvgIcon-fontSizeMedium css-1hbvpl3-MuiSvgIcon-root"
                    data-testid="RadioButtonUncheckedIcon"
                    focusable="false"
                    viewBox="0 0 24 24"
                  >
                    <path
                      d="M12 2C6.48 2 2 6.48 2 12s4.48 10 10 10 10-4.48 10-10S17.52 2 12 2zm0 18c-4.42 0-8-3.58-8-8s3.58-8 8-8 8 3.58 8 8-3.58 8-8 8z"
                    />
                  </svg>
                  <svg
                    aria-hidden="true"
                    class="MuiSvgIcon-root MuiSvgIcon-fontSizeMedium css-1hhw7if-MuiSvgIcon-root"
                    data-testid="RadioButtonCheckedIcon"
                    focusable="false"
                    viewBox="0 0 24 24"
                  >
                    <path
                      d="M8.465 8.465C9.37 7.56 10.62 7 12 7C14.76 7 17 9.24 17 12C17 13.38 16.44 14.63 15.535 15.535C14.63 16.44 13.38 17 12 17C9.24 17 7 14.76 7 12C7 10.62 7.56 9.37 8.465 8.465Z"
                    />
                  </svg>
                </span>
                <span
                  class="MuiTouchRipple-root css-8je8zh-MuiTouchRipple-root"
                />
              </span>
              <span
                class="MuiTypography-root MuiTypography-body1 MuiFormControlLabel-label css-ahj2mt-MuiTypography-root"
              >
                Male
              </span>
            </label>
            <label
              class="MuiFormControlLabel-root MuiFormControlLabel-labelPlacementEnd css-j204z7-MuiFormControlLabel-root"
            >
              <span
                class="MuiRadio-root MuiRadio-colorPrimary MuiButtonBase-root MuiRadio-root MuiRadio-colorPrimary PrivateSwitchBase-root css-vqmohf-MuiButtonBase-root-MuiRadio-root"
              >
                <input
                  class="PrivateSwitchBase-input css-1m9pwf3"
                  name="other"
                  type="radio"
                  value="other"
                />
                <span
                  class="css-hyxlzm"
                >
                  <svg
                    aria-hidden="true"
                    class="MuiSvgIcon-root MuiSvgIcon-fontSizeMedium css-1hbvpl3-MuiSvgIcon-root"
                    data-testid="RadioButtonUncheckedIcon"
                    focusable="false"
                    viewBox="0 0 24 24"
                  >
                    <path
                      d="M12 2C6.48 2 2 6.48 2 12s4.48 10 10 10 10-4.48 10-10S17.52 2 12 2zm0 18c-4.42 0-8-3.58-8-8s3.58-8 8-8 8 3.58 8 8-3.58 8-8 8z"
                    />
                  </svg>
                  <svg
                    aria-hidden="true"
                    class="MuiSvgIcon-root MuiSvgIcon-fontSizeMedium css-1hhw7if-MuiSvgIcon-root"
                    data-testid="RadioButtonCheckedIcon"
                    focusable="false"
                    viewBox="0 0 24 24"
                  >
                    <path
                      d="M8.465 8.465C9.37 7.56 10.62 7 12 7C14.76 7 17 9.24 17 12C17 13.38 16.44 14.63 15.535 15.535C14.63 16.44 13.38 17 12 17C9.24 17 7 14.76 7 12C7 10.62 7.56 9.37 8.465 8.465Z"
                    />
                  </svg>
                </span>
                <span
                  class="MuiTouchRipple-root css-8je8zh-MuiTouchRipple-root"
                />
              </span>
              <span
                class="MuiTypography-root MuiTypography-body1 MuiFormControlLabel-label css-ahj2mt-MuiTypography-root"
              >
                Other
              </span>
            </label>
          </div>
        </div>
        <div
          class="MuiFormControl-root css-1nrlq1o-MuiFormControl-root"
          style="width: 300px; margin: 20px;"
        >
          <label
            class="MuiInputLabel-root MuiInputLabel-formControl MuiInputLabel-animated MuiInputLabel-outlined MuiFormLabel-root MuiFormLabel-colorPrimary css-14s5rfu-MuiFormLabel-root-MuiInputLabel-root"
            data-shrink="false"
            id="demo-simple-select-label"
          >
            Language
          </label>
          <div
            class="MuiInput-root MuiInput-underline MuiInputBase-root MuiInputBase-colorPrimary MuiInputBase-formControl  css-88nv5c-MuiInputBase-root-MuiInput-root-MuiSelect-root"
            style="width: 300px;"
          >
            <div
              aria-expanded="false"
              aria-haspopup="listbox"
              aria-labelledby="demo-simple-select-label demo-simple-select"
              class="MuiSelect-select MuiSelect-standard MuiInput-input MuiInputBase-input css-1rxz5jq-MuiSelect-select-MuiInputBase-input-MuiInput-input"
              id="demo-simple-select"
              role="button"
              tabindex="0"
            >
              <span
                class="notranslate"
              >
                â€‹
              </span>
            </div>
            <input
              aria-hidden="true"
              class="MuiSelect-nativeInput css-yf8vq0-MuiSelect-nativeInput"
              name="language"
              tabindex="-1"
              value=""
            />
            <svg
              aria-hidden="true"
              class="MuiSvgIcon-root MuiSvgIcon-fontSizeMedium MuiSelect-icon MuiSelect-iconStandard css-pqjvzy-MuiSvgIcon-root-MuiSelect-icon"
              data-testid="ArrowDropDownIcon"
              focusable="false"
              viewBox="0 0 24 24"
            >
              <path
                d="M7 10l5 5 5-5z"
              />
            </svg>
          </div>
          <button
            class="MuiButton-root MuiButton-text MuiButton-textPrimary MuiButton-sizeMedium MuiButton-textSizeMedium MuiButtonBase-root  css-1w5md5-MuiButtonBase-root-MuiButton-root"
            tabindex="0"
            type="submit"
          >
            Submit
            <span
              class="MuiTouchRipple-root css-8je8zh-MuiTouchRipple-root"
            />
          </button>
        </div>
      </div>
    </form>
  </div>
</div>
`;
